------------------------------------------------------------
Timing Analyzer Summary
------------------------------------------------------------

Type  : Slow 1100mV 85C Model Setup 'CLOCK_50'
Slack : -2.907
TNS   : -677.256

Type  : Slow 1100mV 85C Model Hold 'CLOCK_50'
Slack : 0.236
TNS   : 0.000

Type  : Slow 1100mV 85C Model Minimum Pulse Width 'CLOCK_50'
Slack : -2.174
TNS   : -675.006

Type  : Slow 1100mV 85C Model Minimum Pulse Width 'my_clock_gen|DE_Clock_Generator_Audio|auto_generated|generic_pll1~FRACTIONAL_PLL|vcoph[0]'
Slack : 1.322
TNS   : 0.000

Type  : Slow 1100mV 85C Model Minimum Pulse Width 'CLOCK2_50'
Slack : 18.418
TNS   : 0.000

Type  : Slow 1100mV 0C Model Setup 'CLOCK_50'
Slack : -2.784
TNS   : -655.076

Type  : Slow 1100mV 0C Model Hold 'CLOCK_50'
Slack : 0.216
TNS   : 0.000

Type  : Slow 1100mV 0C Model Minimum Pulse Width 'CLOCK_50'
Slack : -2.174
TNS   : -688.581

Type  : Slow 1100mV 0C Model Minimum Pulse Width 'my_clock_gen|DE_Clock_Generator_Audio|auto_generated|generic_pll1~FRACTIONAL_PLL|vcoph[0]'
Slack : 1.322
TNS   : 0.000

Type  : Slow 1100mV 0C Model Minimum Pulse Width 'CLOCK2_50'
Slack : 18.444
TNS   : 0.000

Type  : Fast 1100mV 85C Model Setup 'CLOCK_50'
Slack : -1.305
TNS   : -231.264

Type  : Fast 1100mV 85C Model Hold 'CLOCK_50'
Slack : 0.140
TNS   : 0.000

Type  : Fast 1100mV 85C Model Minimum Pulse Width 'CLOCK_50'
Slack : -2.174
TNS   : -542.967

Type  : Fast 1100mV 85C Model Minimum Pulse Width 'my_clock_gen|DE_Clock_Generator_Audio|auto_generated|generic_pll1~FRACTIONAL_PLL|vcoph[0]'
Slack : 1.322
TNS   : 0.000

Type  : Fast 1100mV 85C Model Minimum Pulse Width 'CLOCK2_50'
Slack : 18.161
TNS   : 0.000

Type  : Fast 1100mV 0C Model Setup 'CLOCK_50'
Slack : -1.131
TNS   : -188.291

Type  : Fast 1100mV 0C Model Hold 'CLOCK_50'
Slack : 0.122
TNS   : 0.000

Type  : Fast 1100mV 0C Model Minimum Pulse Width 'CLOCK_50'
Slack : -2.174
TNS   : -543.587

Type  : Fast 1100mV 0C Model Minimum Pulse Width 'my_clock_gen|DE_Clock_Generator_Audio|auto_generated|generic_pll1~FRACTIONAL_PLL|vcoph[0]'
Slack : 1.322
TNS   : 0.000

Type  : Fast 1100mV 0C Model Minimum Pulse Width 'CLOCK2_50'
Slack : 18.150
TNS   : 0.000

------------------------------------------------------------
